2025-12-03 08:38:57 - [INFO] - ════════════════════════════════════════
2025-12-03 08:38:57 - [INFO] -      DÉMARRAGE DU CLIENT PARKING        
2025-12-03 08:38:57 - [INFO] - ════════════════════════════════════════
2025-12-03 08:38:57 - [INFO] - Mode ligne de commande détecté
2025-12-03 08:38:57 - [INFO] - Arguments reçus : IP=127.0.0.1, PORT=8080
2025-12-03 08:38:57 - [INFO] - Configuration : 127.0.0.1:8080
2025-12-03 08:38:57 - [INFO] - Tentative de connexion à 127.0.0.1:8080...
2025-12-03 08:38:57 - [INFO] - Connexion établie avec succès.
2025-12-03 08:38:57 - [DEBUG] - Timeout configuré : 5000ms
2025-12-03 08:39:01 - [DEBUG] - ID Borne saisi : B0001
2025-12-03 08:39:03 - [DEBUG] - Choix utilisateur : 1
2025-12-03 08:39:03 - [INFO] - Mode QR Code sélectionné
2025-12-03 08:39:13 - [DEBUG] - Chemin recu via saisie : '/home/yasser/Downloads/test1.png'
2025-12-03 08:39:13 - [DEBUG] - Chemin nettoye : ''/home/yasser/Downloads/test1.png'' -> '/home/yasser/Downloads/test1.png'
2025-12-03 08:39:13 - [INFO] - Lecture du QR Code : /home/yasser/Downloads/test1.png
2025-12-03 08:39:14 - [INFO] - QR Code decode avec succes : PK0003;CT00004
2025-12-03 08:39:14 - [DEBUG] - ID Parking extrait : PK0003
2025-12-03 08:39:14 - [DEBUG] - ID Contrat extrait : CT00004
2025-12-03 08:39:14 - [INFO] - Données collectées :
2025-12-03 08:39:14 - [INFO] -   - Borne    : B0001
2025-12-03 08:39:14 - [INFO] -   - Parking  : PK0003
2025-12-03 08:39:14 - [INFO] -   - Contrat  : CT00004
2025-12-03 08:39:14 - [INFO] - ════════════ ÉTAPE 1/2 ════════════
2025-12-03 08:39:14 - [INFO] - Envoi au serveur : B0001;PK0003
2025-12-03 08:39:27 - [INFO] - Reponse du serveur : Borne reconnue et active dans le parking
2025-12-03 08:39:27 - [INFO] - Borne validée par le serveur.
2025-12-03 08:39:27 - [INFO] - ════════════ ÉTAPE 2/2 ════════════
2025-12-03 08:39:27 - [INFO] - Envoi au serveur : CT00004
2025-12-03 08:39:48 - [INFO] - Reponse du serveur : Contrat actif, accès autorisé
2025-12-03 08:39:48 - [INFO] - Transaction terminée avec succès.
2025-12-03 08:39:48 - [INFO] - ════════════════════════════════════
2025-12-03 08:39:48 - [INFO] - ════════════════════════════════════════
2025-12-03 08:39:48 - [INFO] -           FIN DU CLIENT                 
2025-12-03 08:39:48 - [INFO] - ════════════════════════════════════════

2025-12-03 08:41:10 - [INFO] - ════════════════════════════════════════
2025-12-03 08:41:10 - [INFO] -      DÉMARRAGE DU CLIENT PARKING        
2025-12-03 08:41:10 - [INFO] - ════════════════════════════════════════
2025-12-03 08:41:10 - [INFO] - Mode ligne de commande détecté
2025-12-03 08:41:10 - [INFO] - Arguments reçus : IP=127.0.0.1, PORT=8080
2025-12-03 08:41:10 - [INFO] - Configuration : 127.0.0.1:8080
2025-12-03 08:41:10 - [INFO] - Tentative de connexion à 127.0.0.1:8080...
2025-12-03 08:41:10 - [INFO] - Connexion établie avec succès.
2025-12-03 08:41:10 - [DEBUG] - Timeout configuré : 5000ms
2025-12-03 08:41:15 - [DEBUG] - ID Borne saisi : B0001
2025-12-03 08:41:21 - [DEBUG] - Choix utilisateur : 1
2025-12-03 08:41:21 - [INFO] - Mode QR Code sélectionné
2025-12-03 08:41:27 - [DEBUG] - Chemin recu via saisie : '/home/yasser/Downloads/test1.png'
2025-12-03 08:41:27 - [DEBUG] - Chemin nettoye : ''/home/yasser/Downloads/test1.png'' -> '/home/yasser/Downloads/test1.png'
2025-12-03 08:41:27 - [INFO] - Lecture du QR Code : /home/yasser/Downloads/test1.png
2025-12-03 08:41:28 - [INFO] - QR Code decode avec succes : PK0003;CT00004
2025-12-03 08:41:28 - [DEBUG] - ID Parking extrait : PK0003
2025-12-03 08:41:28 - [DEBUG] - ID Contrat extrait : CT00004
2025-12-03 08:41:28 - [INFO] - Données collectées :
2025-12-03 08:41:28 - [INFO] -   - Borne    : B0001
2025-12-03 08:41:28 - [INFO] -   - Parking  : PK0003
2025-12-03 08:41:28 - [INFO] -   - Contrat  : CT00004
2025-12-03 08:41:28 - [INFO] - ════════════ ÉTAPE 1/2 ════════════
2025-12-03 08:41:28 - [INFO] - Envoi au serveur : B0001;PK0003
2025-12-03 08:41:39 - [INFO] - Reponse du serveur :  Borne reconnue et active dans le parking
2025-12-03 08:41:39 - [INFO] - Borne validée par le serveur.
2025-12-03 08:41:39 - [INFO] - ════════════ ÉTAPE 2/2 ════════════
2025-12-03 08:41:39 - [INFO] - Envoi au serveur : CT00004
2025-12-03 08:41:58 - [INFO] - Reponse du serveur : Contrat actif, accès autorisé
2025-12-03 08:41:58 - [INFO] - Transaction terminée avec succès.
2025-12-03 08:41:58 - [INFO] - ════════════════════════════════════
2025-12-03 08:41:58 - [INFO] - ════════════════════════════════════════
2025-12-03 08:41:58 - [INFO] -           FIN DU CLIENT                 
2025-12-03 08:41:58 - [INFO] - ════════════════════════════════════════

2025-12-03 08:43:26 - [INFO] - ════════════════════════════════════════
2025-12-03 08:43:26 - [INFO] -      DÉMARRAGE DU CLIENT PARKING        
2025-12-03 08:43:26 - [INFO] - ════════════════════════════════════════
2025-12-03 08:43:26 - [INFO] - Mode ligne de commande détecté
2025-12-03 08:43:26 - [INFO] - Arguments reçus : IP=127.0.0.1, PORT=8080
2025-12-03 08:43:26 - [INFO] - Configuration : 127.0.0.1:8080
2025-12-03 08:43:26 - [INFO] - Tentative de connexion à 127.0.0.1:8080...
2025-12-03 08:43:26 - [INFO] - Connexion établie avec succès.
2025-12-03 08:43:26 - [DEBUG] - Timeout configuré : 5000ms
2025-12-03 08:43:29 - [DEBUG] - ID Borne saisi : B0001
2025-12-03 08:43:31 - [DEBUG] - Choix utilisateur : 1
2025-12-03 08:43:31 - [INFO] - Mode QR Code sélectionné
2025-12-03 08:43:42 - [DEBUG] - Chemin recu via saisie : '/home/yasser/Downloads/v1_create-qr-code_.png'
2025-12-03 08:43:42 - [DEBUG] - Chemin nettoye : ''/home/yasser/Downloads/v1_create-qr-code_.png'' -> '/home/yasser/Downloads/v1_create-qr-code_.png'
2025-12-03 08:43:42 - [INFO] - Lecture du QR Code : /home/yasser/Downloads/v1_create-qr-code_.png
2025-12-03 08:43:42 - [INFO] - QR Code decode avec succes : PK0002;CT00002
2025-12-03 08:43:42 - [DEBUG] - ID Parking extrait : PK0002
2025-12-03 08:43:42 - [DEBUG] - ID Contrat extrait : CT00002
2025-12-03 08:43:42 - [INFO] - Données collectées :
2025-12-03 08:43:42 - [INFO] -   - Borne    : B0001
2025-12-03 08:43:42 - [INFO] -   - Parking  : PK0002
2025-12-03 08:43:42 - [INFO] -   - Contrat  : CT00002
2025-12-03 08:43:42 - [INFO] - ════════════ ÉTAPE 1/2 ════════════
2025-12-03 08:43:42 - [INFO] - Envoi au serveur : B0001;PK0002
2025-12-03 08:44:00 - [INFO] - ════════════════════════════════════════
2025-12-03 08:44:00 - [INFO] -      DÉMARRAGE DU CLIENT PARKING        
2025-12-03 08:44:00 - [INFO] - ════════════════════════════════════════
2025-12-03 08:44:00 - [INFO] - Mode ligne de commande détecté
2025-12-03 08:44:00 - [INFO] - Arguments reçus : IP=127.0.0.1, PORT=8080
2025-12-03 08:44:00 - [INFO] - Configuration : 127.0.0.1:8080
2025-12-03 08:44:00 - [INFO] - Tentative de connexion à 127.0.0.1:8080...
2025-12-03 08:44:00 - [ERROR] - ===========================================
2025-12-03 08:44:00 - [ERROR] - ERREUR RESEAU : IMPOSSIBLE DE SE CONNECTER
2025-12-03 08:44:00 - [ERROR] - -------------------------------------------
2025-12-03 08:44:00 - [ERROR] - Le serveur n'est pas démarré sur le port 8080
2025-12-03 08:44:00 - [ERROR] - Details technique : Connection refused
2025-12-03 08:44:00 - [ERROR] - ===========================================
2025-12-03 08:44:25 - [INFO] - ════════════════════════════════════════
2025-12-03 08:44:25 - [INFO] -      DÉMARRAGE DU CLIENT PARKING        
2025-12-03 08:44:25 - [INFO] - ════════════════════════════════════════
2025-12-03 08:44:25 - [INFO] - Mode ligne de commande détecté
2025-12-03 08:44:25 - [INFO] - Arguments reçus : IP=0.0.0.0, PORT=8080
2025-12-03 08:44:25 - [ERROR] - Seule l'adresse 127.0.0.1 (localhost) est autorisée !
2025-12-03 08:44:25 - [INFO] - Arret du client...
2025-12-03 08:44:58 - [INFO] - ════════════════════════════════════════
2025-12-03 08:44:58 - [INFO] -      DÉMARRAGE DU CLIENT PARKING        
2025-12-03 08:44:58 - [INFO] - ════════════════════════════════════════
2025-12-03 08:44:58 - [INFO] - Mode ligne de commande détecté
2025-12-03 08:44:58 - [INFO] - Arguments reçus : IP=0.0.0.0, PORT=8080
2025-12-03 08:44:58 - [ERROR] - Seule l'adresse 127.0.0.1 (localhost) est autorisée !
2025-12-03 08:44:58 - [INFO] - Arret du client...
2025-12-03 08:45:04 - [INFO] - ════════════════════════════════════════
2025-12-03 08:45:04 - [INFO] -      DÉMARRAGE DU CLIENT PARKING        
2025-12-03 08:45:04 - [INFO] - ════════════════════════════════════════
2025-12-03 08:45:04 - [INFO] - Mode ligne de commande détecté
2025-12-03 08:45:04 - [INFO] - Arguments reçus : IP=0.0.0.0, PORT=8080
2025-12-03 08:45:04 - [ERROR] - Seule l'adresse 127.0.0.1 (localhost) est autorisée !
2025-12-03 08:45:04 - [INFO] - Arret du client...
2025-12-03 08:45:11 - [INFO] - ════════════════════════════════════════
2025-12-03 08:45:11 - [INFO] -      DÉMARRAGE DU CLIENT PARKING        
2025-12-03 08:45:11 - [INFO] - ════════════════════════════════════════
2025-12-03 08:45:11 - [INFO] - Mode ligne de commande détecté
2025-12-03 08:45:11 - [INFO] - Arguments reçus : IP=127.0.0.1, PORT=8080
2025-12-03 08:45:11 - [INFO] - Configuration : 127.0.0.1:8080
2025-12-03 08:45:11 - [INFO] - Tentative de connexion à 127.0.0.1:8080...
2025-12-03 08:45:11 - [INFO] - Connexion établie avec succès.
2025-12-03 08:45:11 - [DEBUG] - Timeout configuré : 5000ms
2025-12-03 08:45:14 - [DEBUG] - ID Borne saisi : B0001
2025-12-03 08:45:15 - [DEBUG] - Choix utilisateur : 1
2025-12-03 08:45:15 - [INFO] - Mode QR Code sélectionné
2025-12-03 08:45:24 - [DEBUG] - Chemin recu via saisie : '/home/yasser/Downloads/qr-code.png'
2025-12-03 08:45:24 - [DEBUG] - Chemin nettoye : ''/home/yasser/Downloads/qr-code.png'' -> '/home/yasser/Downloads/qr-code.png'
2025-12-03 08:45:24 - [INFO] - Lecture du QR Code : /home/yasser/Downloads/qr-code.png
2025-12-03 08:45:24 - [INFO] - QR Code decode avec succes : PK0003;CT00061
2025-12-03 08:45:24 - [DEBUG] - ID Parking extrait : PK0003
2025-12-03 08:45:24 - [DEBUG] - ID Contrat extrait : CT00061
2025-12-03 08:45:24 - [INFO] - Données collectées :
2025-12-03 08:45:24 - [INFO] -   - Borne    : B0001
2025-12-03 08:45:24 - [INFO] -   - Parking  : PK0003
2025-12-03 08:45:24 - [INFO] -   - Contrat  : CT00061
2025-12-03 08:45:24 - [INFO] - ════════════ ÉTAPE 1/2 ════════════
2025-12-03 08:45:24 - [INFO] - Envoi au serveur : B0001;PK0003
2025-12-03 08:45:33 - [INFO] - ════════════════════════════════════════
2025-12-03 08:45:33 - [INFO] -      DÉMARRAGE DU CLIENT PARKING        
2025-12-03 08:45:33 - [INFO] - ════════════════════════════════════════
2025-12-03 08:45:33 - [INFO] - Mode ligne de commande détecté
2025-12-03 08:45:33 - [INFO] - Arguments reçus : IP=127.0.0.1, PORT=8080
2025-12-03 08:45:33 - [INFO] - Configuration : 127.0.0.1:8080
2025-12-03 08:45:33 - [INFO] - Tentative de connexion à 127.0.0.1:8080...
2025-12-03 08:45:33 - [ERROR] - ===========================================
2025-12-03 08:45:33 - [ERROR] - ERREUR RESEAU : IMPOSSIBLE DE SE CONNECTER
2025-12-03 08:45:33 - [ERROR] - -------------------------------------------
2025-12-03 08:45:33 - [ERROR] - Le serveur n'est pas démarré sur le port 8080
2025-12-03 08:45:33 - [ERROR] - Details technique : Connection refused
2025-12-03 08:45:33 - [ERROR] - ===========================================
2025-12-03 08:45:38 - [INFO] - ════════════════════════════════════════
2025-12-03 08:45:38 - [INFO] -      DÉMARRAGE DU CLIENT PARKING        
2025-12-03 08:45:38 - [INFO] - ════════════════════════════════════════
2025-12-03 08:45:38 - [INFO] - Mode ligne de commande détecté
2025-12-03 08:45:38 - [INFO] - Arguments reçus : IP=127.0.0.1, PORT=8080
2025-12-03 08:45:38 - [INFO] - Configuration : 127.0.0.1:8080
2025-12-03 08:45:38 - [INFO] - Tentative de connexion à 127.0.0.1:8080...
2025-12-03 08:45:38 - [INFO] - Connexion établie avec succès.
2025-12-03 08:45:38 - [DEBUG] - Timeout configuré : 5000ms
2025-12-03 08:45:40 - [DEBUG] - ID Borne saisi : B0001
2025-12-03 08:45:42 - [DEBUG] - Choix utilisateur : 1
2025-12-03 08:45:42 - [INFO] - Mode QR Code sélectionné
2025-12-03 08:45:47 - [DEBUG] - Chemin recu via saisie : '/home/yasser/Downloads/QR-CODE.png'
2025-12-03 08:45:47 - [DEBUG] - Chemin nettoye : ''/home/yasser/Downloads/QR-CODE.png'' -> '/home/yasser/Downloads/QR-CODE.png'
2025-12-03 08:45:47 - [INFO] - Lecture du QR Code : /home/yasser/Downloads/QR-CODE.png
2025-12-03 08:45:47 - [INFO] - QR Code decode avec succes : PK0001;CT00060
2025-12-03 08:45:47 - [DEBUG] - ID Parking extrait : PK0001
2025-12-03 08:45:47 - [DEBUG] - ID Contrat extrait : CT00060
2025-12-03 08:45:47 - [INFO] - Données collectées :
2025-12-03 08:45:47 - [INFO] -   - Borne    : B0001
2025-12-03 08:45:47 - [INFO] -   - Parking  : PK0001
2025-12-03 08:45:47 - [INFO] -   - Contrat  : CT00060
2025-12-03 08:45:47 - [INFO] - ════════════ ÉTAPE 1/2 ════════════
2025-12-03 08:45:47 - [INFO] - Envoi au serveur : B0001;PK0001
2025-12-03 08:48:05 - [INFO] - ════════════════════════════════════════
2025-12-03 08:48:05 - [INFO] -      DÉMARRAGE DU CLIENT PARKING        
2025-12-03 08:48:05 - [INFO] - ════════════════════════════════════════
2025-12-03 08:48:05 - [INFO] - Mode ligne de commande détecté
2025-12-03 08:48:05 - [INFO] - Arguments reçus : IP=127.0.0.1, PORT=8080
2025-12-03 08:48:05 - [INFO] - Configuration : 127.0.0.1:8080
2025-12-03 08:48:05 - [INFO] - Tentative de connexion à 127.0.0.1:8080...
2025-12-03 08:48:05 - [ERROR] - ===========================================
2025-12-03 08:48:05 - [ERROR] - ERREUR RESEAU : IMPOSSIBLE DE SE CONNECTER
2025-12-03 08:48:05 - [ERROR] - -------------------------------------------
2025-12-03 08:48:05 - [ERROR] - Le serveur n'est pas démarré sur le port 8080
2025-12-03 08:48:05 - [ERROR] - Details technique : Connection refused
2025-12-03 08:48:05 - [ERROR] - ===========================================
2025-12-03 08:49:05 - [INFO] - ════════════════════════════════════════
2025-12-03 08:49:05 - [INFO] -      DÉMARRAGE DU CLIENT PARKING        
2025-12-03 08:49:05 - [INFO] - ════════════════════════════════════════
2025-12-03 08:49:05 - [INFO] - Mode ligne de commande détecté
2025-12-03 08:49:05 - [INFO] - Arguments reçus : IP=127.0.0.1, PORT=8080
2025-12-03 08:49:05 - [INFO] - Configuration : 127.0.0.1:8080
2025-12-03 08:49:05 - [INFO] - Tentative de connexion à 127.0.0.1:8080...
2025-12-03 08:49:05 - [INFO] - Connexion établie avec succès.
2025-12-03 08:49:05 - [DEBUG] - Timeout configuré : 5000ms
2025-12-03 08:49:11 - [DEBUG] - ID Borne saisi : B0001
2025-12-03 08:49:13 - [DEBUG] - Choix utilisateur : 1
2025-12-03 08:49:13 - [INFO] - Mode QR Code sélectionné
2025-12-03 08:49:24 - [DEBUG] - Chemin recu via saisie : '/home/yasser/Downloads/QR-CODE.png'
2025-12-03 08:49:24 - [DEBUG] - Chemin nettoye : ''/home/yasser/Downloads/QR-CODE.png'' -> '/home/yasser/Downloads/QR-CODE.png'
2025-12-03 08:49:24 - [INFO] - Lecture du QR Code : /home/yasser/Downloads/QR-CODE.png
2025-12-03 08:49:25 - [INFO] - QR Code decode avec succes : PK0001;CT00060
2025-12-03 08:49:25 - [DEBUG] - ID Parking extrait : PK0001
2025-12-03 08:49:25 - [DEBUG] - ID Contrat extrait : CT00060
2025-12-03 08:49:25 - [INFO] - Données collectées :
2025-12-03 08:49:25 - [INFO] -   - Borne    : B0001
2025-12-03 08:49:25 - [INFO] -   - Parking  : PK0001
2025-12-03 08:49:25 - [INFO] -   - Contrat  : CT00060
2025-12-03 08:49:25 - [INFO] - ════════════ ÉTAPE 1/2 ════════════
2025-12-03 08:49:25 - [INFO] - Envoi au serveur : B0001;PK0001
2025-12-03 08:49:40 - [INFO] - Reponse du serveur : Borne reconnue et active dans le parking
2025-12-03 08:49:40 - [INFO] - Borne validée par le serveur.
2025-12-03 08:49:40 - [INFO] - ════════════ ÉTAPE 2/2 ════════════
2025-12-03 08:49:40 - [INFO] - Envoi au serveur : CT00060
2025-12-03 08:49:54 - [INFO] - Reponse du serveur : Contrat actif, accès autorisé
2025-12-03 08:49:54 - [INFO] - Transaction terminée avec succès.
2025-12-03 08:49:54 - [INFO] - ════════════════════════════════════
2025-12-03 08:49:54 - [INFO] - ════════════════════════════════════════
2025-12-03 08:49:54 - [INFO] -           FIN DU CLIENT                 
2025-12-03 08:49:54 - [INFO] - ════════════════════════════════════════

2025-12-03 09:06:58 - [INFO] - ════════════════════════════════════════
2025-12-03 09:06:58 - [INFO] -      DÉMARRAGE DU CLIENT PARKING        
2025-12-03 09:06:58 - [INFO] - ════════════════════════════════════════
2025-12-03 09:06:58 - [INFO] - Mode ligne de commande détecté
2025-12-03 09:06:58 - [INFO] - Arguments reçus : IP=127.0.0.1, PORT=8080
2025-12-03 09:06:58 - [INFO] - Configuration : 127.0.0.1:8080
2025-12-03 09:06:58 - [INFO] - Tentative de connexion à 127.0.0.1:8080...
2025-12-03 09:06:58 - [ERROR] - ===========================================
2025-12-03 09:06:58 - [ERROR] - ERREUR RESEAU : IMPOSSIBLE DE SE CONNECTER
2025-12-03 09:06:58 - [ERROR] - -------------------------------------------
2025-12-03 09:06:58 - [ERROR] - Le serveur n'est pas démarré sur le port 8080
2025-12-03 09:06:58 - [ERROR] - Details technique : Connection refused
2025-12-03 09:06:58 - [ERROR] - ===========================================
2025-12-03 09:07:16 - [INFO] - ════════════════════════════════════════
2025-12-03 09:07:16 - [INFO] -      DÉMARRAGE DU CLIENT PARKING        
2025-12-03 09:07:16 - [INFO] - ════════════════════════════════════════
2025-12-03 09:07:16 - [INFO] - Mode ligne de commande détecté
2025-12-03 09:07:16 - [INFO] - Arguments reçus : IP=127.0.0.1, PORT=8080
2025-12-03 09:07:16 - [INFO] - Configuration : 127.0.0.1:8080
2025-12-03 09:07:16 - [INFO] - Tentative de connexion à 127.0.0.1:8080...
2025-12-03 09:07:16 - [INFO] - Connexion établie avec succès.
2025-12-03 09:07:16 - [DEBUG] - Timeout configuré : 5000ms
2025-12-03 09:07:21 - [DEBUG] - ID Borne saisi : B0003
2025-12-03 09:07:25 - [DEBUG] - Choix utilisateur : 1
2025-12-03 09:07:25 - [INFO] - Mode QR Code sélectionné
2025-12-03 09:07:33 - [DEBUG] - Chemin recu via saisie : '/home/yasser/Downloads/qr-code.png'
2025-12-03 09:07:33 - [DEBUG] - Chemin nettoye : ''/home/yasser/Downloads/qr-code.png'' -> '/home/yasser/Downloads/qr-code.png'
2025-12-03 09:07:33 - [INFO] - Lecture du QR Code : /home/yasser/Downloads/qr-code.png
2025-12-03 09:07:33 - [INFO] - QR Code decode avec succes : PK0003;CT00061
2025-12-03 09:07:33 - [DEBUG] - ID Parking extrait : PK0003
2025-12-03 09:07:33 - [DEBUG] - ID Contrat extrait : CT00061
2025-12-03 09:07:33 - [INFO] - Données collectées :
2025-12-03 09:07:33 - [INFO] -   - Borne    : B0003
2025-12-03 09:07:33 - [INFO] -   - Parking  : PK0003
2025-12-03 09:07:33 - [INFO] -   - Contrat  : CT00061
2025-12-03 09:07:33 - [INFO] - ════════════ ÉTAPE 1/2 ════════════
2025-12-03 09:07:33 - [INFO] - Envoi au serveur : B0003;PK0003
2025-12-03 09:07:33 - [INFO] - Reponse du serveur : Borne reconnue et active dans le parking 
2025-12-03 09:07:33 - [INFO] - Borne validée par le serveur.
2025-12-03 09:07:33 - [INFO] - ════════════ ÉTAPE 2/2 ════════════
2025-12-03 09:07:33 - [INFO] - Envoi au serveur : CT00061
2025-12-03 09:07:33 - [INFO] - Reponse du serveur : Contrat inconnu
2025-12-03 09:07:33 - [INFO] - Transaction terminée avec succès.
2025-12-03 09:07:33 - [INFO] - ════════════════════════════════════
2025-12-03 09:07:33 - [INFO] - ════════════════════════════════════════
2025-12-03 09:07:33 - [INFO] -           FIN DU CLIENT                 
2025-12-03 09:07:33 - [INFO] - ════════════════════════════════════════

2025-12-03 09:08:36 - [INFO] - ════════════════════════════════════════
2025-12-03 09:08:36 - [INFO] -      DÉMARRAGE DU CLIENT PARKING        
2025-12-03 09:08:36 - [INFO] - ════════════════════════════════════════
2025-12-03 09:08:36 - [INFO] - Mode ligne de commande détecté
2025-12-03 09:08:36 - [INFO] - Arguments reçus : IP=127.0.0.1, PORT=8080
2025-12-03 09:08:36 - [INFO] - Configuration : 127.0.0.1:8080
2025-12-03 09:08:36 - [INFO] - Tentative de connexion à 127.0.0.1:8080...
2025-12-03 09:08:36 - [ERROR] - ===========================================
2025-12-03 09:08:36 - [ERROR] - ERREUR RESEAU : IMPOSSIBLE DE SE CONNECTER
2025-12-03 09:08:36 - [ERROR] - -------------------------------------------
2025-12-03 09:08:36 - [ERROR] - Le serveur n'est pas démarré sur le port 8080
2025-12-03 09:08:36 - [ERROR] - Details technique : Connection refused
2025-12-03 09:08:36 - [ERROR] - ===========================================
2025-12-03 09:10:25 - [INFO] - ════════════════════════════════════════
2025-12-03 09:10:25 - [INFO] -      DÉMARRAGE DU CLIENT PARKING        
2025-12-03 09:10:25 - [INFO] - ════════════════════════════════════════
2025-12-03 09:10:25 - [INFO] - Mode ligne de commande détecté
2025-12-03 09:10:25 - [INFO] - Arguments reçus : IP=127.0.0.1, PORT=8080
2025-12-03 09:10:25 - [INFO] - Configuration : 127.0.0.1:8080
2025-12-03 09:10:25 - [INFO] - Tentative de connexion à 127.0.0.1:8080...
2025-12-03 09:10:25 - [INFO] - Connexion établie avec succès.
2025-12-03 09:10:25 - [DEBUG] - Timeout configuré : 5000ms
2025-12-03 09:10:30 - [DEBUG] - ID Borne saisi : B0001
2025-12-03 09:10:33 - [DEBUG] - Choix utilisateur : 2
2025-12-03 09:10:33 - [INFO] - Mode saisie manuelle selectionne
2025-12-03 09:10:37 - [DEBUG] - ID Parking saisi : PK0001
2025-12-03 09:10:41 - [DEBUG] - ID Contrat saisi : CT00001
2025-12-03 09:10:41 - [INFO] - Données collectées :
2025-12-03 09:10:41 - [INFO] -   - Borne    : B0001
2025-12-03 09:10:41 - [INFO] -   - Parking  : PK0001
2025-12-03 09:10:41 - [INFO] -   - Contrat  : CT00001
2025-12-03 09:10:41 - [INFO] - ════════════ ÉTAPE 1/2 ════════════
2025-12-03 09:10:41 - [INFO] - Envoi au serveur : B0001;PK0001
2025-12-03 09:10:42 - [INFO] - Reponse du serveur : Borne reconnue et active dans le parking 
2025-12-03 09:10:42 - [INFO] - Borne validée par le serveur.
2025-12-03 09:10:42 - [INFO] - ════════════ ÉTAPE 2/2 ════════════
2025-12-03 09:10:42 - [INFO] - Envoi au serveur : CT00001
2025-12-03 09:10:42 - [INFO] - Reponse du serveur : ERREUR;véhicule déjà enregistré à l'intérieur du parking.
2025-12-03 09:10:42 - [ERROR] - Erreur lors de la validation du contrat : ERREUR;véhicule déjà enregistré à l'intérieur du parking.
2025-12-03 09:10:42 - [INFO] - ════════════════════════════════════
2025-12-03 09:10:42 - [INFO] - ════════════════════════════════════════
2025-12-03 09:10:42 - [INFO] -           FIN DU CLIENT                 
2025-12-03 09:10:42 - [INFO] - ════════════════════════════════════════

2025-12-03 09:11:13 - [INFO] - ════════════════════════════════════════
2025-12-03 09:11:13 - [INFO] -      DÉMARRAGE DU CLIENT PARKING        
2025-12-03 09:11:13 - [INFO] - ════════════════════════════════════════
2025-12-03 09:11:13 - [INFO] - Mode ligne de commande détecté
2025-12-03 09:11:13 - [INFO] - Arguments reçus : IP=127.0.0.1, PORT=8080
2025-12-03 09:11:13 - [INFO] - Configuration : 127.0.0.1:8080
2025-12-03 09:11:13 - [INFO] - Tentative de connexion à 127.0.0.1:8080...
2025-12-03 09:11:13 - [INFO] - Connexion établie avec succès.
2025-12-03 09:11:13 - [DEBUG] - Timeout configuré : 5000ms
2025-12-03 09:11:17 - [DEBUG] - ID Borne saisi : B0004
2025-12-03 09:11:21 - [DEBUG] - Choix utilisateur : 2
2025-12-03 09:11:21 - [INFO] - Mode saisie manuelle selectionne
2025-12-03 09:11:25 - [DEBUG] - ID Parking saisi : PK0001
2025-12-03 09:11:29 - [DEBUG] - ID Contrat saisi : CT00001
2025-12-03 09:11:29 - [INFO] - Données collectées :
2025-12-03 09:11:29 - [INFO] -   - Borne    : B0004
2025-12-03 09:11:29 - [INFO] -   - Parking  : PK0001
2025-12-03 09:11:29 - [INFO] -   - Contrat  : CT00001
2025-12-03 09:11:29 - [INFO] - ════════════ ÉTAPE 1/2 ════════════
2025-12-03 09:11:29 - [INFO] - Envoi au serveur : B0004;PK0001
2025-12-03 09:11:29 - [INFO] - Reponse du serveur : Borne reconnue et active dans le parking 
2025-12-03 09:11:29 - [INFO] - Borne validée par le serveur.
2025-12-03 09:11:29 - [INFO] - ════════════ ÉTAPE 2/2 ════════════
2025-12-03 09:11:29 - [INFO] - Envoi au serveur : CT00001
2025-12-03 09:11:30 - [INFO] - Reponse du serveur : Contrat valide pour sortie
2025-12-03 09:11:30 - [INFO] - Transaction terminée avec succès.
2025-12-03 09:11:30 - [INFO] - ════════════════════════════════════
2025-12-03 09:11:30 - [INFO] - ════════════════════════════════════════
2025-12-03 09:11:30 - [INFO] -           FIN DU CLIENT                 
2025-12-03 09:11:30 - [INFO] - ════════════════════════════════════════

2025-12-03 09:12:16 - [INFO] - ════════════════════════════════════════
2025-12-03 09:12:16 - [INFO] -      DÉMARRAGE DU CLIENT PARKING        
2025-12-03 09:12:16 - [INFO] - ════════════════════════════════════════
2025-12-03 09:12:16 - [INFO] - Mode ligne de commande détecté
2025-12-03 09:12:16 - [INFO] - Arguments reçus : IP=127.0.0.1, PORT=8080
2025-12-03 09:12:16 - [INFO] - Configuration : 127.0.0.1:8080
2025-12-03 09:12:16 - [INFO] - Tentative de connexion à 127.0.0.1:8080...
2025-12-03 09:12:16 - [INFO] - Connexion établie avec succès.
2025-12-03 09:12:16 - [DEBUG] - Timeout configuré : 5000ms
2025-12-03 09:12:18 - [DEBUG] - ID Borne saisi : B0001
2025-12-03 09:12:20 - [DEBUG] - Choix utilisateur : 2
2025-12-03 09:12:20 - [INFO] - Mode saisie manuelle selectionne
2025-12-03 09:12:24 - [DEBUG] - ID Parking saisi : PK00001
2025-12-03 09:12:30 - [DEBUG] - ID Contrat saisi : VT00001
2025-12-03 09:12:30 - [INFO] - Données collectées :
2025-12-03 09:12:30 - [INFO] -   - Borne    : B0001
2025-12-03 09:12:30 - [INFO] -   - Parking  : PK00001
2025-12-03 09:12:30 - [INFO] -   - Contrat  : VT00001
2025-12-03 09:12:30 - [INFO] - ════════════ ÉTAPE 1/2 ════════════
2025-12-03 09:12:30 - [INFO] - Envoi au serveur : B0001;PK00001
2025-12-03 09:12:30 - [INFO] - Reponse du serveur : ERREUR;Borne inconnue pour ce parking
2025-12-03 09:12:30 - [ERROR] - Erreur détectée : ERREUR;Borne inconnue pour ce parking
2025-12-03 09:12:30 - [INFO] - ════════════════════════════════════════
2025-12-03 09:12:30 - [INFO] -           FIN DU CLIENT                 
2025-12-03 09:12:30 - [INFO] - ════════════════════════════════════════

2025-12-03 09:12:51 - [INFO] - ════════════════════════════════════════
2025-12-03 09:12:51 - [INFO] -      DÉMARRAGE DU CLIENT PARKING        
2025-12-03 09:12:51 - [INFO] - ════════════════════════════════════════
2025-12-03 09:12:51 - [INFO] - Mode ligne de commande détecté
2025-12-03 09:12:51 - [INFO] - Arguments reçus : IP=127.0.0.1, PORT=8080
2025-12-03 09:12:51 - [INFO] - Configuration : 127.0.0.1:8080
2025-12-03 09:12:51 - [INFO] - Tentative de connexion à 127.0.0.1:8080...
2025-12-03 09:12:52 - [INFO] - Connexion établie avec succès.
2025-12-03 09:12:52 - [DEBUG] - Timeout configuré : 5000ms
2025-12-03 09:12:54 - [DEBUG] - ID Borne saisi : B0001
2025-12-03 09:12:55 - [DEBUG] - Choix utilisateur : 2
2025-12-03 09:12:55 - [INFO] - Mode saisie manuelle selectionne
2025-12-03 09:12:57 - [DEBUG] - ID Parking saisi : PK0001
2025-12-03 09:13:00 - [DEBUG] - ID Contrat saisi : CT00001
2025-12-03 09:13:00 - [INFO] - Données collectées :
2025-12-03 09:13:00 - [INFO] -   - Borne    : B0001
2025-12-03 09:13:00 - [INFO] -   - Parking  : PK0001
2025-12-03 09:13:00 - [INFO] -   - Contrat  : CT00001
2025-12-03 09:13:00 - [INFO] - ════════════ ÉTAPE 1/2 ════════════
2025-12-03 09:13:00 - [INFO] - Envoi au serveur : B0001;PK0001
2025-12-03 09:13:00 - [INFO] - Reponse du serveur : Borne reconnue et active dans le parking 
2025-12-03 09:13:00 - [INFO] - Borne validée par le serveur.
2025-12-03 09:13:00 - [INFO] - ════════════ ÉTAPE 2/2 ════════════
2025-12-03 09:13:00 - [INFO] - Envoi au serveur : CT00001
2025-12-03 09:13:01 - [INFO] - Reponse du serveur : Contrat actif, accès autorisé
2025-12-03 09:13:01 - [INFO] - Transaction terminée avec succès.
2025-12-03 09:13:01 - [INFO] - ════════════════════════════════════
2025-12-03 09:13:01 - [INFO] - ════════════════════════════════════════
2025-12-03 09:13:01 - [INFO] -           FIN DU CLIENT                 
2025-12-03 09:13:01 - [INFO] - ════════════════════════════════════════

2025-12-03 09:13:24 - [INFO] - ════════════════════════════════════════
2025-12-03 09:13:24 - [INFO] -      DÉMARRAGE DU CLIENT PARKING        
2025-12-03 09:13:24 - [INFO] - ════════════════════════════════════════
2025-12-03 09:13:24 - [INFO] - Mode ligne de commande détecté
2025-12-03 09:13:24 - [INFO] - Arguments reçus : IP=127.0.0.1, PORT=8080
2025-12-03 09:13:24 - [INFO] - Configuration : 127.0.0.1:8080
2025-12-03 09:13:24 - [INFO] - Tentative de connexion à 127.0.0.1:8080...
2025-12-03 09:13:24 - [INFO] - Connexion établie avec succès.
2025-12-03 09:13:24 - [DEBUG] - Timeout configuré : 5000ms
2025-12-03 09:13:28 - [DEBUG] - ID Borne saisi : B0004
2025-12-03 09:13:29 - [DEBUG] - Choix utilisateur : 2
2025-12-03 09:13:29 - [INFO] - Mode saisie manuelle selectionne
2025-12-03 09:13:34 - [DEBUG] - ID Parking saisi : PK0001
2025-12-03 09:13:39 - [DEBUG] - ID Contrat saisi : CT00001
2025-12-03 09:13:39 - [INFO] - Données collectées :
2025-12-03 09:13:39 - [INFO] -   - Borne    : B0004
2025-12-03 09:13:39 - [INFO] -   - Parking  : PK0001
2025-12-03 09:13:39 - [INFO] -   - Contrat  : CT00001
2025-12-03 09:13:39 - [INFO] - ════════════ ÉTAPE 1/2 ════════════
2025-12-03 09:13:39 - [INFO] - Envoi au serveur : B0004;PK0001
2025-12-03 09:13:40 - [INFO] - Reponse du serveur : Borne reconnue et active dans le parking 
2025-12-03 09:13:40 - [INFO] - Borne validée par le serveur.
2025-12-03 09:13:40 - [INFO] - ════════════ ÉTAPE 2/2 ════════════
2025-12-03 09:13:40 - [INFO] - Envoi au serveur : CT00001
2025-12-03 09:13:40 - [INFO] - Reponse du serveur : Contrat valide pour sortie
2025-12-03 09:13:40 - [INFO] - Transaction terminée avec succès.
2025-12-03 09:13:40 - [INFO] - ════════════════════════════════════
2025-12-03 09:13:40 - [INFO] - ════════════════════════════════════════
2025-12-03 09:13:40 - [INFO] -           FIN DU CLIENT                 
2025-12-03 09:13:40 - [INFO] - ════════════════════════════════════════

2025-12-03 09:15:11 - [INFO] - ════════════════════════════════════════
2025-12-03 09:15:11 - [INFO] -      DÉMARRAGE DU CLIENT PARKING        
2025-12-03 09:15:11 - [INFO] - ════════════════════════════════════════
2025-12-03 09:15:11 - [INFO] - Mode ligne de commande détecté
2025-12-03 09:15:11 - [INFO] - Arguments reçus : IP=127.0.0.1, PORT=8080
2025-12-03 09:15:11 - [INFO] - Configuration : 127.0.0.1:8080
2025-12-03 09:15:11 - [INFO] - Tentative de connexion à 127.0.0.1:8080...
2025-12-03 09:15:11 - [INFO] - Connexion établie avec succès.
2025-12-03 09:15:11 - [DEBUG] - Timeout configuré : 5000ms
2025-12-03 09:15:15 - [DEBUG] - ID Borne saisi : B0001
2025-12-03 09:15:17 - [DEBUG] - Choix utilisateur : 2
2025-12-03 09:15:17 - [INFO] - Mode saisie manuelle selectionne
2025-12-03 09:15:20 - [DEBUG] - ID Parking saisi : PK0001
2025-12-03 09:15:24 - [DEBUG] - ID Contrat saisi : CT00001
2025-12-03 09:15:24 - [INFO] - Données collectées :
2025-12-03 09:15:24 - [INFO] -   - Borne    : B0001
2025-12-03 09:15:24 - [INFO] -   - Parking  : PK0001
2025-12-03 09:15:24 - [INFO] -   - Contrat  : CT00001
2025-12-03 09:15:24 - [INFO] - ════════════ ÉTAPE 1/2 ════════════
2025-12-03 09:15:24 - [INFO] - Envoi au serveur : B0001;PK0001
2025-12-03 09:15:24 - [INFO] - Reponse du serveur : Borne reconnue et active dans le parking 
2025-12-03 09:15:24 - [INFO] - Borne validée par le serveur.
2025-12-03 09:15:24 - [INFO] - ════════════ ÉTAPE 2/2 ════════════
2025-12-03 09:15:24 - [INFO] - Envoi au serveur : CT00001
2025-12-03 09:15:25 - [INFO] - Reponse du serveur : Contrat actif, accès autorisé
2025-12-03 09:15:25 - [INFO] - Transaction terminée avec succès.
2025-12-03 09:15:25 - [INFO] - ════════════════════════════════════
2025-12-03 09:15:25 - [INFO] - ════════════════════════════════════════
2025-12-03 09:15:25 - [INFO] -           FIN DU CLIENT                 
2025-12-03 09:15:25 - [INFO] - ════════════════════════════════════════

